
> pixelence-mri-system@0.1.0 build
> next build

  ▲ Next.js 14.2.35
  - Environments: .env.local

   Linting and checking validity of types ...
 ⨯ ESLint: Failed to load parser './parser.js' declared in '.eslintrc.json » eslint-config-next/core-web-vitals » C:\Users\rszub\OneDrive\Documents\PixelenceWebDesignRepo\node_modules\eslint-config-next\index.js': Cannot find module 'next/dist/compiled/babel/eslint-parser' Require stack: - C:\Users\rszub\OneDrive\Documents\PixelenceWebDesignRepo\node_modules\eslint-config-next\parser.js - C:\Users\rszub\OneDrive\Documents\PixelenceWebDesignRepo\node_modules\@eslint\eslintrc\dist\eslintrc.cjs
   Creating an optimized production build ...
Failed to compile.

./pages/initialize-users.js
Module not found: Can't resolve '../../convex/_generated/api'

https://nextjs.org/docs/messages/module-not-found

./pages/initialize.js
Module not found: Can't resolve '../../convex/_generated/api'

https://nextjs.org/docs/messages/module-not-found

./pages/login.js
Module not found: Can't resolve '../../convex/_generated/api'

https://nextjs.org/docs/messages/module-not-found


> Build failed because of webpack errors
npm error Lifecycle script `build` failed with error:
npm error code 1
npm error path C:\Users\rszub\OneDrive\Documents\PixelenceWebDesignRepo\pixelence-mri-system
npm error workspace pixelence-mri-system@0.1.0
npm error location C:\Users\rszub\OneDrive\Documents\PixelenceWebDesignRepo\pixelence-mri-system
npm error command failed
npm error command C:\Windows\system32\cmd.exe /d /s /c next build
